// Jest Snapshot v1, https://goo.gl/fbAQLP

exports[`renders correctly 1`] = `
<RCTSafeAreaView
  emulateUnlessSupported={true}
>
  <Text
    style={
      Object {
        "color": "darkgray",
        "fontSize": 32,
        "margin": 16,
      }
    }
  />
</RCTSafeAreaView>
`;
